<html>
<body>
<pre>
<h1>µVision Build Log</h1>
<h2>Tool Versions:</h2>
IDE-Version: µVision V5.32.0.0
Copyright (C) 2020 ARM Ltd and ARM Germany GmbH. All rights reserved.
License Information: dvn dvn, ao, LIC=8VRJ7-ER41W-8TR3P-M9AJW-SL42B-JLCEI
 
Tool Versions:
Toolchain:       MDK-ARM Plus  Version: 5.32.0.0
Toolchain Path:  C:\Keil_v5\ARM\ARMCC\Bin
C Compiler:      Armcc.exe V5.06 update 7 (build 960)
Assembler:       Armasm.exe V5.06 update 7 (build 960)
Linker/Locator:  ArmLink.exe V5.06 update 7 (build 960)
Library Manager: ArmAr.exe V5.06 update 7 (build 960)
Hex Converter:   FromElf.exe V5.06 update 7 (build 960)
CPU DLL:         SARMCM3.DLL V5.32.0.0
Dialog DLL:      DCM.DLL V1.17.3.0
Target DLL:      UL2CM3.DLL V1.163.9.0
Dialog DLL:      TCM.DLL V1.46.0.0
 
<h2>Project:</h2>
C:\Users\dudka\Documents\bub_firmware\bub_firmware.uvprojx
Project File Date:  11/07/2022

<h2>Output:</h2>
*** Using Compiler 'V5.06 update 7 (build 960)', folder: 'C:\Keil_v5\ARM\ARMCC\Bin'
Rebuild target 'Target 1'
Note: source file '.\src\ADC.c' - object file renamed from '.\bin\ADC.o' to '.\bin\adc_1.o'.
compiling init.c...
compiling ADC.c...
compiling CRC16.c...
compiling connection.c...
compiling cistern.c...
compiling handlers.c...
src\handlers.c(30): warning:  #546-D: transfer of control bypasses initialization of:
            variable "CRC"  (declared at line 109)
  		switch(UART_counter) {
  		^
src\handlers.c(177): warning:  #223-D: function "answer_process" declared implicitly
  			answer_process(reg_addr, &cistern_bsh, &cistern_rb, &pump_bsh, &pump_rtr, 
src\handlers.c: 2 warnings, 0 errors
compiling main.c...
src\main.c(36): warning:  #111-D: statement is unreachable
  						break;
src\main.c(53): warning:  #111-D: statement is unreachable
  						break;
src\main.c(57): warning:  #940-D: missing return statement at end of non-void function "check_btn" 
  }
src\main.c: 3 warnings, 0 errors
assembling startup_MDR32F9x.s...
compiling VTimers.c...
compiling thermocouple.c...
compiling pump.c...
compiling MDR32F9Qx_port.c...
compiling MDR32F9Qx_adc.c...
compiling MDR32F9Qx_rst_clk.c...
compiling MDR32F9Qx_uart.c...
compiling system_MDR32F9Qx.c...
compiling MDR32F9Qx_timer.c...
compiling core_cm3.c...
linking...
Program Size: Code=15486 RO-data=738 RW-data=68 ZI-data=4948  
FromELF: creating hex file...
".\bin\bub_firmware.axf" - 0 Error(s), 5 Warning(s).

<h2>Software Packages used:</h2>

Package Vendor: ARM
                http://www.keil.com/pack/ARM.CMSIS.5.7.0.pack
                ARM.CMSIS.5.7.0
                CMSIS (Cortex Microcontroller Software Interface Standard)
   * Component: CORE Version: 5.4.0

Package Vendor: Keil
                https://ic.milandr.ru/soft/Keil.MDR1986BExx.2.0.3.pack
                Keil.MDR1986BExx.2.0.3
                Milandr MDR1986BExx Series Device Support, Drivers and Examples

<h2>Collection of Component include folders:</h2>
  .\RTE\_Target_1
  C:\Users\dudka\AppData\Local\Arm\Packs\ARM\CMSIS\5.7.0\CMSIS\Core\Include

<h2>Collection of Component Files used:</h2>

   * Component: ARM::CMSIS:CORE:5.4.0
Build Time Elapsed:  00:00:01
</pre>
</body>
</html>
